!<!DOCTYPE html>
<html lang="en">
<head>
    <meta charset="UTF-8">
    <meta http-equiv="X-UA-Compatible" content="IE=edge">
    <meta name="viewport" content="width=device-width, initial-scale=1.0">
    <title>Document</title>
    <link rel="stylesheet" href="css/main.css">
</head>
<body>
    <div class="navbar">
        <div class="container"></div>
        <a href="#">Remember<span<That</a>
        <nav>
            <ul class="primary-nav">
                  <li class="current"><a href="#">Home</a></li>                 
                  <li><a href="#">Features</a></li>                 
                  <li><a href="#">Pricing</a></li>                 
            
                
            </ul>

            <ul class="secondary-nav">
                <li class="current"><a href="#">Home</a></li>                 
                <li><a href="#">Features</a></li>                 
                <li><a href="#">Pricing</a></li>                 
          
              
          </ul>
        </nav>

        
    </div>
    <section class="hero">
        <div class="container"
             <div class="left-col"
               <p class="subhead">It's Nitty &amp; Gritty</p>
               <h1>A Task App That Doesn't Stink</h1>
               <div class="hero-cta"></div>  
                    <a href="#" class="primary-cta">Try for free</a>
                    <a href="#" class="watch-video-cta"
                    <img src="" alt=""
                
                     </a>
        
        
            </div>
    </section>



</body>
</html>