<!DOCTYPE html>
<html lang="en">
<head>
    <meta charset="UTF-8">
    <meta http-equiv="X-UA-Compatible" content="IE=edge">
    <meta name="viewport" content="width=device-width, initial-scale=1.0">
    <title>Document</title>
    <link rel="stylesheet" href="style.css">
</head>
<body>
    <h3 class="color-blue">prototurk.com</h3>

    <p class="color-blue">
        Bu bir paragrafdir
    </p>
    <ul>
        <li>1.bolum</li>
        <li>2.bolum</li>
        <li>3.bolum</li>

    </ul>

    <span>Bu bir spandor</span>

    <div>Bu bir divdir</div>
</body>
</html>